[kids-outfit.myshopify.com/index.html]
[cdn.shopify.com/s/files/1/0033/7064/7667/t/2/assets/favicon5534.png]
[backblue.gif]
[fade.gif]
[index.html]
[cdn.shopify.com/s/files/1/0033/7064/7667/t/2/assets/logof272.png]
[cdn.shopify.com/s/files/1/0033/7064/7667/t/2/assets/style1440.css]
[cdn.shopify.com/s/files/1/0033/7064/7667/t/2/assets/frame.scss147f.css]
[cdn.shopify.com/s/files/1/0033/7064/7667/t/2/assets/slick-theme30e7.css]
[cdn.shopify.com/s/files/1/0033/7064/7667/t/2/assets/slick.scssa803.css]
[cdn.shopify.com/s/files/1/0033/7064/7667/t/2/assets/magnific-popup5b32.css]
[cdn.shopify.com/s/files/1/0033/7064/7667/t/2/assets/slick-slider9845.css]
[cdn.shopify.com/s/javascripts/tricorder/trekkie.storefront.mindd82.js]
[cdn.shopify.com/shopifycloud/boomerang/shopify-boomerang-1.0.0.min.js]
[cdn.shopify.com/s/assets/shop_events_listener-d81deda6557a113fbcc6a993184828adcef6f241e4ca52b6a21169cb03169317.js]
[cdn.shopify.com/s/assets/storefront/load_feature-ff2cf729d4dbbd8c828ef0a527512e10da600b23df28aef76f4b5182ef7af59b.js]
[cdn.shopify.com/s/assets/storefront/features-87e8399988880142f2c62771b9d8f2ff6c290b3ff745dd426eb0dfe0db9d1dae.js]
[cdn.shopify.com/s/files/1/0033/7064/7667/t/2/compiled_assets/styles13fe.css]
[cdn.shopify.com/s/files/1/0033/7064/7667/t/2/compiled_assets/scripts13fe.js]
[cdn.shopify.com/s/files/1/0033/7064/7667/t/2/assets/loadinga062.gif]
[cdn.shopify.com/s/files/1/0033/7064/7667/t/2/assets/header3214.js]
[kids-outfit.myshopify.com/cart.html]
[kids-outfit.myshopify.com/account/login.html]
[kids-outfit.myshopify.com/account/register.html]
[cdn.shopify.com/s/files/1/0033/7064/7667/t/2/assets/icon-megamenu13fe.png]
[kids-outfit.myshopify.com/pages/wishlist.html]
[kids-outfit.myshopify.com/collections.html]
[kids-outfit.myshopify.com/collections/best-seller.html]
[kids-outfit.myshopify.com/products/aarika-layered-party-dress.html]
[kids-outfit.myshopify.com/products/baby-girls-frock.html]
[kids-outfit.myshopify.com/products/fancy-frock.html]
[kids-outfit.myshopify.com/collections/demand-product.html]
[cdn.shopify.com/s/files/1/0033/7064/7667/files/mega-menu-1_2000x876b.jpg]
[kids-outfit.myshopify.com/collections/all.html]
[kids-outfit.myshopify.com/collections/featured-product.html]
[kids-outfit.myshopify.com/products/pink-wings-girls.html]
[kids-outfit.myshopify.com/collections/new-product.html]
[cdn.shopify.com/s/files/1/0033/7064/7667/files/mega-menu-3-2_2000x9a1d.jpg]
[cdn.shopify.com/s/files/1/0033/7064/7667/files/mega-menu-3-1_2000x3feb.jpg]
[kids-outfit.myshopify.com/collections/new.html]
[cdn.shopify.com/s/files/1/0033/7064/7667/files/mega-menu-2-2_2000xfcb5.jpg]
[cdn.shopify.com/s/files/1/0033/7064/7667/files/mega-menu-2-3_2000xf687.jpg]
[cdn.shopify.com/s/files/1/0033/7064/7667/files/mega-menu-2-1_2000xe873.jpg]
[kids-outfit.myshopify.com/products/prt-26.html]
[cdn.shopify.com/s/files/1/0033/7064/7667/products/product1_large9768.jpg]
[kids-outfit.myshopify.com/products/classic-audrey-dress.html]
[cdn.shopify.com/s/files/1/0033/7064/7667/files/mega_menu-4_2000xd071.jpg]
[kids-outfit.myshopify.com/pages/about-us.html]
[kids-outfit.myshopify.com/pages/contact-us.html]
[kids-outfit.myshopify.com/blogs/news.html]
[cdn.shopify.com/s/files/1/0033/7064/7667/files/kids2_9a172c8b-8868-458e-b627-b669b72f0eee_2000xdf13.jpg]
[cdn.shopify.com/s/files/1/0033/7064/7667/files/kids-img2_feae93cd-5688-4756-aa47-031ccfd82d67_767x7d6a.jpg]
[cdn.shopify.com/s/files/1/0033/7064/7667/files/kids1_aef9f5fe-dda1-4a43-a2a2-cfc15796b354_2000xdf52.jpg]
[cdn.shopify.com/s/files/1/0033/7064/7667/files/kids-img1_566f7372-c134-483d-89cd-f2ba504caf8e_767xd361.jpg]
[cdn.shopify.com/s/files/1/0033/7064/7667/files/kids3_01dbec11-1074-4d0b-9734-ec84bc921a1e_2000x539e.jpg]
[cdn.shopify.com/s/files/1/0033/7064/7667/files/kids-img3_c921637b-61cd-4e6e-897a-ba2ad5dc6b38_767x987f.jpg]
[cdn.shopify.com/s/files/1/0033/7064/7667/files/img21_1920X2d6a.jpg]
[cdn.shopify.com/s/files/1/0033/7064/7667/files/img24_1920Xc24c.jpg]
[cdn.shopify.com/s/files/1/0033/7064/7667/files/img22_1920X5cab.jpg]
[cdn.shopify.com/s/files/1/0033/7064/7667/files/img23_1920X2577.jpg]
[cdn.shopify.com/s/files/1/0033/7064/7667/files/img25_1920X5a11.jpg]
[cdn.shopify.com/s/files/1/0033/7064/7667/files/img-14_f26691d2-5cac-44ce-bd47-e1a61085bfb7_1920Xb843.jpg]
[kids-outfit.myshopify.com/collections/best-seller/products/export-womens-cotton.html]
[cdn.shopify.com/s/files/1/0033/7064/7667/products/product19_grande826d.jpg]
[kids-outfit.myshopify.com/products/export-womens-cotton.html]
[kids-outfit.myshopify.com/export-womens-cotton.40.delayed]
[cdn.shopify.com/s/files/1/0033/7064/7667/products/product28_e9849e19-37af-43f6-be60-e9c25f8ab8d9_grande9788.jpg]
[cdn.shopify.com/s/files/1/0033/7064/7667/products/product16_75935ddf-2bb4-4361-bd55-288b1e85cc8d_grande9788.jpg]
[kids-outfit.myshopify.com/collections/best-seller/products/crepe-skater-dress.html]
[kids-outfit.myshopify.com/products/crepe-skater-dress.html]
[kids-outfit.myshopify.com/crepe-skater-dress]
[cdn.shopify.com/s/files/1/0033/7064/7667/products/product15_93917301-c9bb-4c25-9b39-30977bc705ce_grande46ce.jpg]
[cdn.shopify.com/s/files/1/0033/7064/7667/products/product25_84c68684-2c0b-4550-93d1-fc9d6d2206d0_grande46ce.jpg]
[kids-outfit.myshopify.com/collections/best-seller/products/cotton-t-shirt-fit.html]
[kids-outfit.myshopify.com/products/cotton-t-shirt-fit.html]
[kids-outfit.myshopify.com/cotton-t-shirt-fit]
[cdn.shopify.com/s/files/1/0033/7064/7667/products/product18_grande485d.jpg]
[cdn.shopify.com/s/files/1/0033/7064/7667/products/product24_grande2804.jpg]
[kids-outfit.myshopify.com/collections/best-seller/products/fairy-pleated-dress.html]
[kids-outfit.myshopify.com/products/fairy-pleated-dress.html]
[kids-outfit.myshopify.com/fairy-pleated-dress]
[cdn.shopify.com/s/files/1/0033/7064/7667/products/product4_grande5f48.jpg]
[kids-outfit.myshopify.com/collections/best-seller/products/aarika-layered-party-dress.html]
[cdn.shopify.com/s/files/1/0033/7064/7667/products/product3_grande5269.jpg]
[kids-outfit.myshopify.com/aarika-layered-party-dress]
[cdn.shopify.com/s/files/1/0033/7064/7667/products/product10_grandec8ce.jpg]
[kids-outfit.myshopify.com/collections/best-seller/products/classic-audrey-dress.html]
[cdn.shopify.com/s/files/1/0033/7064/7667/products/product25_grande214e.jpg]
[kids-outfit.myshopify.com/classic-audrey-dress]
[cdn.shopify.com/s/files/1/0033/7064/7667/products/product1_grande9768.jpg]
[kids-outfit.myshopify.com/collections/best-seller/products/baby-girls-frock.html]
[cdn.shopify.com/s/files/1/0033/7064/7667/products/product17_grande3971.jpg]
[kids-outfit.myshopify.com/baby-girls-frock]
[cdn.shopify.com/s/files/1/0033/7064/7667/products/product16_grandefec9.jpg]
[kids-outfit.myshopify.com/collections/best-seller/products/prt-26.html]
[cdn.shopify.com/s/files/1/0033/7064/7667/products/product28_32f25ebf-daea-493f-87aa-9045ca25df13_grandeeb62.jpg]
[kids-outfit.myshopify.com/prt-26]
[kids-outfit.myshopify.com/collections/demand-product/products/knitted-baby-frock.html]
[cdn.shopify.com/s/files/1/0033/7064/7667/products/product26_grande18db.jpg]
[kids-outfit.myshopify.com/products/knitted-baby-frock.html]
[kids-outfit.myshopify.com/knitted-baby-frock.63.delayed]
[cdn.shopify.com/s/files/1/0033/7064/7667/products/product20_grande809b.jpg]
[kids-outfit.myshopify.com/collections/demand-product/products/girls-casual-skirt.html]
[kids-outfit.myshopify.com/products/girls-casual-skirt.html]
[kids-outfit.myshopify.com/girls-casual-skirt]
[cdn.shopify.com/s/files/1/0033/7064/7667/products/product12_5b48e452-faaf-4e60-80a3-f13ab4458aa4_grande136d.jpg]
[kids-outfit.myshopify.com/collections/demand-product/products/karo-baby-girls-frock.html]
[cdn.shopify.com/s/files/1/0033/7064/7667/products/product9_7212575c-647f-4f21-b2c3-b10c9cadf7ac_grande136d.jpg]
[kids-outfit.myshopify.com/products/karo-baby-girls-frock.html]
[kids-outfit.myshopify.com/karo-baby-girls-frock]
[cdn.shopify.com/s/files/1/0033/7064/7667/products/product11_008e48ca-a4d2-4ca5-b8a4-495220c6a3e5_grandef839.jpg]
[kids-outfit.myshopify.com/collections/demand-product/products/layered-party-wear.html]
[cdn.shopify.com/s/files/1/0033/7064/7667/products/product12_b448b6e8-69a6-454c-a7e8-06c4b2902069_grandef839.jpg]
[kids-outfit.myshopify.com/products/layered-party-wear.html]
[kids-outfit.myshopify.com/layered-party-wear]
[cdn.shopify.com/s/files/1/0033/7064/7667/products/product7_0fb4ff86-fa34-46d1-9de1-653df594b636_grande00e4.jpg]
[kids-outfit.myshopify.com/collections/demand-product/products/long-frock-dress.html]
[cdn.shopify.com/s/files/1/0033/7064/7667/products/product13_d255f0d0-123c-4dbf-b1b1-2749849da502_grande00e4.jpg]
[kids-outfit.myshopify.com/products/long-frock-dress.html]
[kids-outfit.myshopify.com/long-frock-dress]
[cdn.shopify.com/s/files/1/0033/7064/7667/products/product17_a816386d-637f-44dd-b94e-ebb362ac355c_grande9363.jpg]
[kids-outfit.myshopify.com/collections/demand-product/products/girls-a-line-dress.html]
[cdn.shopify.com/s/files/1/0033/7064/7667/products/product1_f9de5bd9-42d8-49a0-8908-753b003b7d52_grande9363.jpg]
[kids-outfit.myshopify.com/products/girls-a-line-dress.html]
[kids-outfit.myshopify.com/girls-a-line-dress]
[cdn.shopify.com/s/files/1/0033/7064/7667/products/product6_3b4522d9-4280-43f4-910c-7cfdbe723a70_grande549c.jpg]
[kids-outfit.myshopify.com/collections/demand-product/products/fashion-baby-girls.html]
[cdn.shopify.com/s/files/1/0033/7064/7667/products/product17_d74722d8-1d6a-4a36-8054-fa7407f8ed74_grande549c.jpg]
[kids-outfit.myshopify.com/products/fashion-baby-girls.html]
[kids-outfit.myshopify.com/fashion-baby-girls]
[cdn.shopify.com/s/files/1/0033/7064/7667/products/product2_grandebfa2.jpg]
[kids-outfit.myshopify.com/collections/demand-product/products/fancy-frock.html]
[cdn.shopify.com/s/files/1/0033/7064/7667/products/product13_grande18ee.jpg]
[kids-outfit.myshopify.com/fancy-frock]
[cdn.shopify.com/s/files/1/0033/7064/7667/products/product23_grandee479.jpg]
[kids-outfit.myshopify.com/collections/featured-product/products/regular-fit-skirt.html]
[kids-outfit.myshopify.com/products/regular-fit-skirt.html]
[kids-outfit.myshopify.com/regular-fit-skirt]
[kids-outfit.myshopify.com/collections/featured-product/products/crepe-skater-dress.html]
[kids-outfit.myshopify.com/collections/featured-product/products/cotton-t-shirt-fit.html]
[kids-outfit.myshopify.com/collections/featured-product/products/fashion-baby-girls.html]
[kids-outfit.myshopify.com/collections/featured-product/products/fairy-pleated-dress.html]
[kids-outfit.myshopify.com/collections/featured-product/products/aarika-layered-party-dress.html]
[kids-outfit.myshopify.com/collections/featured-product/products/baby-girls-frock.html]
[kids-outfit.myshopify.com/collections/featured-product/products/prt-26.html]
[cdn.shopify.com/s/files/1/0033/7064/7667/products/product27_grande2998.jpg]
[kids-outfit.myshopify.com/collections/new/products/multi-color-frock.html]
[kids-outfit.myshopify.com/products/multi-color-frock.html]
[kids-outfit.myshopify.com/multi-color-frock]
[cdn.shopify.com/s/files/1/0033/7064/7667/products/product14_grandef3ae.jpg]
[kids-outfit.myshopify.com/collections/new/products/printed-legging-dress.html]
[kids-outfit.myshopify.com/products/printed-legging-dress.html]
[kids-outfit.myshopify.com/printed-legging-dress]
[cdn.shopify.com/s/files/1/0033/7064/7667/products/product5_grande7b48.jpg]
[kids-outfit.myshopify.com/collections/new/products/sleeves-shirt-pant-set.html]
[kids-outfit.myshopify.com/products/sleeves-shirt-pant-set.html]
[kids-outfit.myshopify.com/sleeves-shirt-pant-set]
[kids-outfit.myshopify.com/collections/new/products/regular-fit-skirt.html]
[cdn.shopify.com/s/files/1/0033/7064/7667/products/product13_50d4c0cd-4921-40bb-aa16-0468afdc67cf_grande5a76.jpg]
[kids-outfit.myshopify.com/collections/new/products/orchid-baby-girls.html]
[cdn.shopify.com/s/files/1/0033/7064/7667/products/product2_05e39045-7d31-4ff7-b318-09f1c33fbb2a_grande5a76.jpg]
[kids-outfit.myshopify.com/products/orchid-baby-girls.html]
[kids-outfit.myshopify.com/orchid-baby-girls]
[cdn.shopify.com/s/files/1/0033/7064/7667/products/product3_d9938c08-21b7-40a0-aecd-84ea2c47f03d_grandec3ac.jpg]
[kids-outfit.myshopify.com/collections/new/products/net-party-gown.html]
[cdn.shopify.com/s/files/1/0033/7064/7667/products/product4_4d245c95-17e5-4a7b-beef-8daf0bb35f4c_grandec3ac.jpg]
[kids-outfit.myshopify.com/products/net-party-gown.html]
[kids-outfit.myshopify.com/net-party-gown.a6.delayed]
[kids-outfit.myshopify.com/collections/new/products/sifone-frock-dress.html]
[cdn.shopify.com/s/files/1/0033/7064/7667/products/product8_da0a2eb8-15a8-4bf6-880c-d7b51e8c422f_grande28ef.jpg]
[cdn.shopify.com/s/files/1/0033/7064/7667/products/product3_3317b144-a7f1-4732-ab29-f09b4ae48a4b_grande28ef.jpg]
[kids-outfit.myshopify.com/products/sifone-frock-dress.html]
[kids-outfit.myshopify.com/sifone-frock-dress.ab.delayed]
[cdn.shopify.com/s/files/1/0033/7064/7667/products/product9_grande4678.jpg]
[cdn.shopify.com/s/files/1/0033/7064/7667/products/product12_grande9d70.jpg]
[kids-outfit.myshopify.com/collections/new/products/pink-wings-girls.html]
[kids-outfit.myshopify.com/pink-wings-girls]
[cdn.shopify.com/s/files/1/0033/7064/7667/products/product22_1d97f8eb-a4bc-452e-9e48-be6b3003339b_grande2a84.jpg]
[kids-outfit.myshopify.com/collections/new-product/products/transparent-top.html]
[cdn.shopify.com/s/files/1/0033/7064/7667/products/product28_1a5db9ca-6acc-4783-a44e-3095a5f0c177_grande2a84.jpg]
[kids-outfit.myshopify.com/products/transparent-top.html]
[kids-outfit.myshopify.com/transparent-top]
[kids-outfit.myshopify.com/collections/new-product/products/export-womens-cotton.html]
[kids-outfit.myshopify.com/collections/new-product/products/aarika-layered-party-dress.html]
[kids-outfit.myshopify.com/collections/new-product/products/fancy-frock.html]
[kids-outfit.myshopify.com/collections/new-product/products/crepe-skater-dress.html]
[cdn.shopify.com/s/files/1/0033/7064/7667/products/product25_56bb5b78-5598-4171-8d5e-dae7dd72f8db_grande385a.jpg]
[cdn.shopify.com/s/files/1/0033/7064/7667/products/product10_ebb6c197-d517-4ccc-9cb0-d97b73d52ec2_grande385a.jpg]
[kids-outfit.myshopify.com/collections/new-product/products/top-with-full-sleevesn.html]
[kids-outfit.myshopify.com/products/top-with-full-sleevesn.html]
[kids-outfit.myshopify.com/top-with-full-sleevesn]
[kids-outfit.myshopify.com/collections/new-product/products/girls-casual-skirt.html]
[cdn.shopify.com/s/files/1/0033/7064/7667/files/headerc9d6.png]
[cdn.shopify.com/s/files/1/0033/7064/7667/files/img-6_a33c061f-a99a-4704-843d-3fe3b22a2c45_1920X6ff7.jpg]
[kids-outfit.myshopify.com/collections/new-product/products/classic-audrey-dress.html]
[cdn.shopify.com/s/files/1/0033/7064/7667/files/ad6_1920X5129.jpg]
[cdn.shopify.com/s/files/1/0033/7064/7667/files/ad7_1920X7a66.jpg]
[cdn.shopify.com/s/files/1/0033/7064/7667/files/ad8_1920X987b.jpg]
[kids-outfit.myshopify.com/collections/special-product/products/knitted-baby-frock.html]
[kids-outfit.myshopify.com/collections/special-product/products/sleeves-shirt-pant-set.html]
[kids-outfit.myshopify.com/collections/special-product/products/regular-fit-skirt.html]
[kids-outfit.myshopify.com/collections/special-product/products/transparent-top.html]
[kids-outfit.myshopify.com/collections/special-product/products/long-frock-dress.html]
[kids-outfit.myshopify.com/collections/special-product/products/girls-a-line-dress.html]
[kids-outfit.myshopify.com/collections/special-product/products/net-party-gown.html]
[cdn.shopify.com/s/files/1/0033/7064/7667/files/img12_31d51c77-d8e3-42b2-a07b-3834ccba9422_1920Xa9d0.jpg]
[cdn.shopify.com/s/files/1/0033/7064/7667/files/img-10_1920Xdb10.jpg]
[kids-outfit.myshopify.com/collections/special-product/products/pink-wings-girls.html]
[cdn.shopify.com/s/files/1/0033/7064/7667/files/img-11_1920X07e9.jpg]
[cdn.shopify.com/s/files/1/0033/7064/7667/files/img-12_07631167-bb30-4b37-bea1-2aaea324b023_1920X7367.jpg]
[cdn.shopify.com/s/files/1/0033/7064/7667/articles/blog-14_grandef8e8.jpg]
[kids-outfit.myshopify.com/blogs/news/children-are-love-to-playing.html]
[cdn.shopify.com/s/files/1/0033/7064/7667/articles/blog-11_grandebe53.jpg]
[kids-outfit.myshopify.com/blogs/news/a-yellow-skirt-standing-with-pot.html]
[cdn.shopify.com/s/files/1/0033/7064/7667/articles/blog-10_grande59d4.jpg]
[kids-outfit.myshopify.com/blogs/news/kids-are-playing-with-puzzle.html]
[cdn.shopify.com/s/files/1/0033/7064/7667/articles/blog-9_grandec4bc.jpg]
[kids-outfit.myshopify.com/blogs/news/cute-pretty-pink-angel.html]
[cdn.shopify.com/s/files/1/0033/7064/7667/articles/blog-8_grandeedca.jpg]
[kids-outfit.myshopify.com/blogs/news/just-born-baby-dresses.html]
[cdn.shopify.com/s/files/1/0033/7064/7667/articles/blog-7_grandee5c8.jpg]
[kids-outfit.myshopify.com/blogs/news/trendy-collection-for-kids.html]
[cdn.shopify.com/s/files/1/0033/7064/7667/articles/blog-6_grande7d8c.jpg]
[kids-outfit.myshopify.com/blogs/news/a-super-kit-seating-on-floor.html]
[kids-outfit.myshopify.com/blogs/news/a-little-boy-posing-for-model.html]
[cdn.shopify.com/s/files/1/0033/7064/7667/articles/blog-5_grandec4f4.jpg]
[cdn.shopify.com/s/files/1/0033/7064/7667/articles/blog-4_1eb7dcdd-e85e-46a3-8ea1-9761013a4643_grande739e.jpg]
[kids-outfit.myshopify.com/blogs/news/shopping-complete-1.html]
[kids-outfit.myshopify.com/blogs/news/two-cute-baby-are-playing.html]
[cdn.shopify.com/s/files/1/0033/7064/7667/articles/blog-3_169b4bf4-5cdc-4c66-b8b4-bb422191c81e_grande88af.jpg]
[kids-outfit.myshopify.com/blogs/news/more-confuse-to-select.html]
[cdn.shopify.com/s/files/1/0033/7064/7667/articles/blog-2_43bc1405-ca44-47b9-bdd1-4ca6ec810391_grande1654.jpg]
[kids-outfit.myshopify.com/blogs/news/a-cute-baby-choosing-a-dress.html]
[cdn.shopify.com/s/files/1/0033/7064/7667/articles/blog-1_a479eba3-3054-4b29-8d29-cf3d0e2b8a85_grandee424.jpg]
[cdn.shopify.com/s/files/1/0033/7064/7667/files/bg-2_1920X_a8ad1a9b-9d0e-46a5-8a2a-af9bd6a09d24_1920X499c.png]
[cdn.shopify.com/s/files/1/0033/7064/7667/files/bg-1_1920X_23fee77f-4e0e-4d5c-9c26-a4250d0f4650_1920X1cb6.png]
[kids-outfit.myshopify.com/collections/sale/products/layered-party-wear.html]
[cdn.shopify.com/s/files/1/0033/7064/7667/products/product11_008e48ca-a4d2-4ca5-b8a4-495220c6a3e5_largef839.jpg]
[cdn.shopify.com/s/files/1/0033/7064/7667/products/product12_b448b6e8-69a6-454c-a7e8-06c4b2902069_largef839.jpg]
[cdn.shopify.com/s/files/1/0033/7064/7667/products/product25_56bb5b78-5598-4171-8d5e-dae7dd72f8db_large385a.jpg]
[cdn.shopify.com/s/files/1/0033/7064/7667/products/product10_ebb6c197-d517-4ccc-9cb0-d97b73d52ec2_large385a.jpg]
[kids-outfit.myshopify.com/collections/sale/products/top-with-full-sleevesn.html]
[cdn.shopify.com/s/files/1/0033/7064/7667/products/product8_da0a2eb8-15a8-4bf6-880c-d7b51e8c422f_large28ef.jpg]
[cdn.shopify.com/s/files/1/0033/7064/7667/products/product3_3317b144-a7f1-4732-ab29-f09b4ae48a4b_large28ef.jpg]
[kids-outfit.myshopify.com/collections/sale/products/sifone-frock-dress.html]
[cdn.shopify.com/s/files/1/0033/7064/7667/products/product12_5b48e452-faaf-4e60-80a3-f13ab4458aa4_large136d.jpg]
[kids-outfit.myshopify.com/collections/sale/products/karo-baby-girls-frock.html]
[cdn.shopify.com/s/files/1/0033/7064/7667/products/product9_7212575c-647f-4f21-b2c3-b10c9cadf7ac_large136d.jpg]
[cdn.shopify.com/s/files/1/0033/7064/7667/products/product13_50d4c0cd-4921-40bb-aa16-0468afdc67cf_large5a76.jpg]
[kids-outfit.myshopify.com/collections/sale/products/orchid-baby-girls.html]
[cdn.shopify.com/s/files/1/0033/7064/7667/products/product2_05e39045-7d31-4ff7-b318-09f1c33fbb2a_large5a76.jpg]
[cdn.shopify.com/s/files/1/0033/7064/7667/products/product14_largef3ae.jpg]
[kids-outfit.myshopify.com/collections/sale/products/printed-legging-dress.html]
[cdn.shopify.com/s/files/1/0033/7064/7667/files/logo-1_250x2500b0c.png]
[cdn.shopify.com/s/files/1/0033/7064/7667/files/logo-2_250x250b589.png]
[cdn.shopify.com/s/files/1/0033/7064/7667/files/logo-3_250x250098a.png]
[cdn.shopify.com/s/files/1/0033/7064/7667/files/logo-4_250x2505fbc.png]
[cdn.shopify.com/s/files/1/0033/7064/7667/files/logo-5_250x2503150.png]
[cdn.shopify.com/s/files/1/0033/7064/7667/files/logo-6_250x250ba04.png]
[cdn.shopify.com/s/files/1/0033/7064/7667/files/logo-7_250x250268d.png]
[cdn.shopify.com/s/files/1/0033/7064/7667/files/logo-8_250x2507422.png]
[cdn.shopify.com/s/files/1/0033/7064/7667/files/footer_49911034-0258-47c4-8556-f2ff6d55d38832d1.png]
[cdn.shopify.com/s/files/1/0033/7064/7667/files/img26_300x300_adfef94b-10ec-42a8-8b4f-b170f3fc8173_400xcc80.png]
[cdn.shopify.com/s/files/1/0033/7064/7667/files/blur01fb.png]
[cdn.shopify.com/s/files/1/0033/7064/7667/files/greene6b3.png]
[kids-outfit.myshopify.com/search.html]
[kids-outfit.myshopify.com/pages/faqs.html]
[cdn.shopify.com/s/files/1/0033/7064/7667/files/pinkcca3.png]
[kids-outfit.myshopify.com/pages/shipping-details.html]
[cdn.shopify.com/s/files/1/0033/7064/7667/files/yellow447f.png]
[cdn.shopify.com/s/files/1/0033/7064/7667/files/kidslife-footer-bgbef5.png]
[cdn.shopify.com/s/files/1/0033/7064/7667/files/card-icons_0023_1_small111d.png]
[cdn.shopify.com/s/files/1/0033/7064/7667/files/card-icons_0018_5_small82f4.png]
[cdn.shopify.com/s/files/1/0033/7064/7667/files/card-icons_0021_2_small64e7.png]
[cdn.shopify.com/s/files/1/0033/7064/7667/files/card-icons_0019_4_small5c7c.png]
[cdn.shopify.com/s/files/1/0033/7064/7667/files/card-icons_0009_14_smalla961.png]
[cdn.shopify.com/s/files/1/0033/7064/7667/t/2/assets/timbera379.js]
[cdn.shopify.com/s/files/1/0033/7064/7667/t/2/assets/theme10bd.js]
[cdn.shopify.com/s/assets/themes_support/option_selection-fe6b72c2bbdd3369ac0bfefe8648e3c889efca213baefd4cfb0dd9363563831f.js]
[cdn.shopify.com/s/files/1/0033/7064/7667/t/2/assets/core-filese489.js]
[cdn.shopify.com/s/assets/themes_support/api.jquery-e94e010e92e659b566dbc436fdfe5242764380e00398907a14955ba301a4749f.js]
[cdn.shopify.com/s/files/1/0033/7064/7667/t/2/assets/jquery.parallax-1.1.3af8e.js]
[cdn.shopify.com/s/files/1/0033/7064/7667/t/2/assets/shop0d14.js]
[cdn.shopify.com/s/javascripts/currencies.js]
[cdn.shopify.com/s/files/1/0033/7064/7667/t/2/assets/jquery.currencies.minb15e.js]
[cdn.shopify.com/s/files/1/0033/7064/7667/t/2/assets/wow6fc4.js]
[cdn.shopify.com/s/files/1/0033/7064/7667/t/2/assets/magnific-popupc2a6.js]
[kids-outfit.myshopify.com/index.html]
[cdn.shopify.com/s/files/1/0033/7064/7667/t/2/assets/ico-select0e65.svg]
[cdn.shopify.com/s/files/1/0033/7064/7667/t/2/assets/icons0e65.eot]
[cdn.shopify.com/s/files/1/0033/7064/7667/t/2/assets/icons0e65.woff]
[cdn.shopify.com/s/files/1/0033/7064/7667/t/2/assets/icons0e65.ttf]
[cdn.shopify.com/s/files/1/0033/7064/7667/t/2/assets/icons0e65.svg]
[cdn.shopify.com/s/files/1/0033/7064/7667/t/2/assets/preloader0e65.gif]
[cdn.shopify.com/s/files/1/0033/7064/7667/t/2/assets/frame.scss147f.css]
[cdn.shopify.com/s/files/1/0033/7064/7667/t/2/assets/fontawesome-webfont3295.woff2]
[cdn.shopify.com/s/files/1/0033/7064/7667/t/2/assets/fontawesome-webfont3295.woff]
[cdn.shopify.com/s/files/1/0033/7064/7667/t/2/assets/fontawesome-webfont3295.eot]
[cdn.shopify.com/s/files/1/0033/7064/7667/t/2/assets/Material-Design-Iconic-Fontd1f1.woff2]
[cdn.shopify.com/s/files/1/0033/7064/7667/t/2/assets/fontawesome-webfontd41d.eot]
[cdn.shopify.com/s/files/1/0033/7064/7667/t/2/assets/Material-Design-Iconic-Fontd1f1.woff]
[cdn.shopify.com/s/files/1/0033/7064/7667/t/2/assets/fontawesome-webfont3295.svg]
[cdn.shopify.com/s/files/1/0033/7064/7667/t/2/assets/fontawesome-webfont3295.ttf]
[cdn.shopify.com/s/files/1/0033/7064/7667/t/2/assets/Material-Design-Iconic-Fontd1f1.ttf]
[cdn.shopify.com/s/files/1/0033/7064/7667/t/2/assets/owl.video.play.png]
[cdn.shopify.com/s/files/1/0033/7064/7667/t/2/assets/loading0e65.gif]
[cdn.shopify.com/s/files/1/0033/7064/7667/t/2/assets/controls0e65.png]
[cdn.shopify.com/s/files/1/0033/7064/7667/t/2/assets/Simple-Line-Iconsb26c.eot]
[cdn.shopify.com/s/files/1/0033/7064/7667/t/2/assets/Simple-Line-Iconsb26c.woff2]
[cdn.shopify.com/s/files/1/0033/7064/7667/t/2/assets/Simple-Line-Iconsb26c.woff]
[cdn.shopify.com/s/files/1/0033/7064/7667/t/2/assets/loading.gif]
[cdn.shopify.com/s/files/1/0033/7064/7667/t/2/assets/Simple-Line-Iconsb26c.ttf]
[cdn.shopify.com/s/files/1/0033/7064/7667/t/2/assets/fancybox.png]
[cdn.shopify.com/s/files/1/0033/7064/7667/t/2/assets/Simple-Line-Iconsb26c.svg]
[cdn.shopify.com/s/files/1/0033/7064/7667/t/2/assets/fancybox-x.png]
[cdn.shopify.com/s/files/1/0033/7064/7667/t/2/assets/Preloader_20e65.gif]
[cdn.shopify.com/s/files/1/0033/7064/7667/t/2/assets/style1440.css]
[cdn.shopify.com/s/files/1/0033/7064/7667/t/2/assets/ajax-loader0e65.gif]
[cdn.shopify.com/s/files/1/0033/7064/7667/t/2/assets/slick.eot]
[cdn.shopify.com/s/files/1/0033/7064/7667/t/2/assets/slickd41d.eot]
[cdn.shopify.com/s/files/1/0033/7064/7667/t/2/assets/slick.woff]
[cdn.shopify.com/s/files/1/0033/7064/7667/t/2/assets/slick.ttf]
[cdn.shopify.com/s/files/1/0033/7064/7667/t/2/assets/slick.svg]
[cdn.shopify.com/s/files/1/0033/7064/7667/t/2/assets/slick-theme30e7.css]
[cdn.shopify.com/s/files/1/0033/7064/7667/t/2/assets/slick.scssa803.css]
[cdn.shopify.com/s/files/1/0033/7064/7667/t/2/assets/magnific-popup5b32.css]
[cdn.shopify.com/s/files/1/0033/7064/7667/t/2/assets/slick-slider9845.css]
[cdn.shopify.com/shopifycloud/storefront-recaptcha-v3/v0.1/index.html]
[cdn.shopify.com/s/files/1/0033/7064/7667/t/2/compiled_assets/styles13fe.css]
[kids-outfit.myshopify.com/cart.html]
[www.recaptcha.net/recaptcha/api73cd.js]
[cdn.shopify.com/s/assets/themes_support/shopify_common-8ea6ac3faf357236a97f5de749df4da6e8436ca107bc3a4ee805cbf08bc47392.js]
[kids-outfit.myshopify.com/account/login.html]
[kids-outfit.myshopify.com/account/register.html]
[kids-outfit.myshopify.com/pages/wishlist.html]
[cdn.shopify.com/s/files/1/0033/7064/7667/t/2/assets/icon-megamenu13fe.html]
[kids-outfit.myshopify.com/collections/sale.html]
[kids-outfit.myshopify.com/collections.html]
[kids-outfit.myshopify.com/collections/special-product.html]
[kids-outfit.myshopify.com/collections/best-seller.atom]
[kids-outfit.myshopify.com/collections/best-seller.oembed]
[cdn.shopify.com/s/files/1/0033/7064/7667/files/red_50xfaae.png]
[cdn.shopify.com/s/files/1/0033/7064/7667/files/yellow_9686ea51-54d9-4922-9e2a-f2f081855342_50x5e78.png]
[cdn.shopify.com/s/files/1/0033/7064/7667/files/orange_50x6796.png]
[cdn.shopify.com/s/files/1/0033/7064/7667/files/black_50x8f6f.png]
[cdn.shopify.com/s/files/1/0033/7064/7667/files/hotpink_50x7131.png]
[cdn.shopify.com/s/files/1/0033/7064/7667/files/brown_50xd2c1.png]
[cdn.shopify.com/s/files/1/0033/7064/7667/files/blue_50x3e28.png]
[cdn.shopify.com/s/files/1/0033/7064/7667/files/papayawhip_50xd4bf.png]
[cdn.shopify.com/s/files/1/0033/7064/7667/files/silver_50x3e32.png]
[cdn.shopify.com/s/files/1/0033/7064/7667/files/white_50x081b.png]
[cdn.shopify.com/s/files/1/0033/7064/7667/products/product23e479.jpg]
[cdn.shopify.com/s/files/1/0033/7064/7667/products/product28_e9849e19-37af-43f6-be60-e9c25f8ab8d99788.jpg]
[cdn.shopify.com/s/files/1/0033/7064/7667/products/product15_93917301-c9bb-4c25-9b39-30977bc705ce46ce.jpg]
[cdn.shopify.com/s/files/1/0033/7064/7667/products/product6_3b4522d9-4280-43f4-910c-7cfdbe723a70549c.jpg]
[cdn.shopify.com/s/files/1/0033/7064/7667/products/product18485d.jpg]
[cdn.shopify.com/s/files/1/0033/7064/7667/products/product45f48.jpg]
[cdn.shopify.com/s/files/1/0033/7064/7667/products/product19768.jpg]
[cdn.shopify.com/s/files/1/0033/7064/7667/products/product16fec9.jpg]
[kids-outfit.myshopify.com/collections/grid.15b.delayed]
[kids-outfit.myshopify.com/collections/list]
[kids-outfit.myshopify.com/collections/manual]
[kids-outfit.myshopify.com/collections/price-ascending]
[kids-outfit.myshopify.com/collections/price-descending]
[kids-outfit.myshopify.com/collections/title-ascending]
[kids-outfit.myshopify.com/collections/title-descending]
[kids-outfit.myshopify.com/collections/created-ascending]
[kids-outfit.myshopify.com/collections/created-descending]
[kids-outfit.myshopify.com/collections/best-selling]
[kids-outfit.myshopify.com/collections/8]
[kids-outfit.myshopify.com/collections/12]
[kids-outfit.myshopify.com/collections/24]
[kids-outfit.myshopify.com/collections/36]
[kids-outfit.myshopify.com/collections/export-womens-cotton]
[kids-outfit.myshopify.com/collections/crepe-skater-dress]
[kids-outfit.myshopify.com/collections/cotton-t-shirt-fit]
[kids-outfit.myshopify.com/collections/fairy-pleated-dress]
[kids-outfit.myshopify.com/collections/aarika-layered-party-dress]
[kids-outfit.myshopify.com/collections/classic-audrey-dress]
[kids-outfit.myshopify.com/collections/baby-girls-frock]
[kids-outfit.myshopify.com/collections/prt-26]
[kids-outfit.myshopify.com/collections/best-seller.html]
[cdn.shopify.com/s/files/1/0033/7064/7667/products/product8_grande5f48.jpg]
[cdn.shopify.com/s/files/1/0033/7064/7667/products/product4_medium5f48.jpg]
[kids-outfit.myshopify.com/products/aarika-layered-party-dress.oembed]
[ws.sharethis.com/button/buttons.js]
[cdn.shopify.com/s/files/1/0033/7064/7667/products/product22_1d97f8eb-a4bc-452e-9e48-be6b3003339b2a84.jpg]
[cdn.shopify.com/s/files/1/0033/7064/7667/products/product25_56bb5b78-5598-4171-8d5e-dae7dd72f8db385a.jpg]
[cdn.shopify.com/s/files/1/0033/7064/7667/products/product28_e9849e19-37af-43f6-be60-e9c25f8ab8d9_small9788.jpg]
[cdn.shopify.com/s/files/1/0033/7064/7667/products/product22_1d97f8eb-a4bc-452e-9e48-be6b3003339b_small2a84.jpg]
[cdn.shopify.com/s/files/1/0033/7064/7667/products/product25_56bb5b78-5598-4171-8d5e-dae7dd72f8db_small385a.jpg]
[cdn.shopify.com/s/files/1/0033/7064/7667/products/product15_93917301-c9bb-4c25-9b39-30977bc705ce_small46ce.jpg]
[cdn.shopify.com/s/files/1/0033/7064/7667/products/product85f48.jpg]
[cdn.shopify.com/s/files/1/0033/7064/7667/products/product8_medium5f48.jpg]
[cdn.shopify.com/s/files/1/0033/7064/7667/products/product35269.jpg]
[cdn.shopify.com/s/files/1/0033/7064/7667/products/product3_medium5269.jpg]
[cdn.shopify.com/s/files/1/0033/7064/7667/t/2/assets/soldout0c13.png]
[cdn.shopify.com/s/files/1/0033/7064/7667/files/blue7b70.png]
[cdn.shopify.com/s/files/1/0033/7064/7667/files/redb5b7.png]
[cdn.shopify.com/s/files/1/0033/7064/7667/files/pinkbe8b.png]
[s7.addthis.com/js/300/addthis_widget.js]
[ajax.aspnetcdn.com/ajax/jquery.templates/beta1/jquery.tmpl.min.js]
[cdn.shopify.com/s/files/1/0033/7064/7667/t/2/assets/social-buttonsa4c8.js]
[kids-outfit.myshopify.com/products/aarika-layered-party-dress.html]
[cdn.shopify.com/s/files/1/0033/7064/7667/products/product6_2e70298b-3b0f-4b65-93c8-97b3972ddcca_grande11e3.jpg]
[kids-outfit.myshopify.com/products/index.html]
[cdn.shopify.com/s/files/1/0033/7064/7667/products/product1_medium9768.jpg]
[kids-outfit.myshopify.com/products/baby-girls-frock.oembed]
[cdn.shopify.com/s/files/1/0033/7064/7667/products/product6_2e70298b-3b0f-4b65-93c8-97b3972ddcca11e3.jpg]
[cdn.shopify.com/s/files/1/0033/7064/7667/products/product6_2e70298b-3b0f-4b65-93c8-97b3972ddcca_medium11e3.jpg]
[cdn.shopify.com/s/files/1/0033/7064/7667/products/product173971.jpg]
[cdn.shopify.com/s/files/1/0033/7064/7667/products/product17_medium3971.jpg]
[cdn.shopify.com/s/files/1/0033/7064/7667/files/yellow98c6.png]
[kids-outfit.myshopify.com/products/baby-girls-frock.html]
[cdn.shopify.com/s/files/1/0033/7064/7667/products/product7_grande3554.jpg]
[cdn.shopify.com/s/files/1/0033/7064/7667/products/product2_mediumbfa2.jpg]
[kids-outfit.myshopify.com/products/fancy-frock.oembed]
[cdn.shopify.com/s/files/1/0033/7064/7667/products/product2bfa2.jpg]
[cdn.shopify.com/s/files/1/0033/7064/7667/products/product73554.jpg]
[cdn.shopify.com/s/files/1/0033/7064/7667/products/product7_medium3554.jpg]
[cdn.shopify.com/s/files/1/0033/7064/7667/products/product1318ee.jpg]
[cdn.shopify.com/s/files/1/0033/7064/7667/products/product13_medium18ee.jpg]
[cdn.shopify.com/s/files/1/0033/7064/7667/files/black06e0.png]
[cdn.shopify.com/s/files/1/0033/7064/7667/files/white190a.png]
[kids-outfit.myshopify.com/products/fancy-frock.html]
[kids-outfit.myshopify.com/collections/demand-product.atom]
[kids-outfit.myshopify.com/collections/demand-product.oembed]
[kids-outfit.myshopify.com/collections/knitted-baby-frock]
[kids-outfit.myshopify.com/collections/girls-casual-skirt]
[kids-outfit.myshopify.com/collections/karo-baby-girls-frock]
[kids-outfit.myshopify.com/collections/layered-party-wear]
[kids-outfit.myshopify.com/collections/long-frock-dress]
[kids-outfit.myshopify.com/collections/girls-a-line-dress]
[kids-outfit.myshopify.com/collections/fashion-baby-girls]
[kids-outfit.myshopify.com/collections/fancy-frock]
[kids-outfit.myshopify.com/collections/demand-product.html]
[kids-outfit.myshopify.com/collections/all.atom]
[kids-outfit.myshopify.com/collections/all4658.html]
[kids-outfit.myshopify.com/collections/all.html]
[kids-outfit.myshopify.com/collections/all9ba9.html]
[kids-outfit.myshopify.com/collections/featured-product.atom]
[kids-outfit.myshopify.com/collections/featured-product.oembed]
[kids-outfit.myshopify.com/collections/regular-fit-skirt]
[kids-outfit.myshopify.com/collections/featured-product.html]
[cdn.shopify.com/s/files/1/0033/7064/7667/products/product11_grande577f.jpg]
[cdn.shopify.com/s/files/1/0033/7064/7667/products/product9_medium4678.jpg]
[kids-outfit.myshopify.com/products/pink-wings-girls.oembed]
[cdn.shopify.com/s/files/1/0033/7064/7667/products/product94678.jpg]
[cdn.shopify.com/s/files/1/0033/7064/7667/products/product11577f.jpg]
[cdn.shopify.com/s/files/1/0033/7064/7667/products/product11_medium577f.jpg]
[cdn.shopify.com/s/files/1/0033/7064/7667/products/product129d70.jpg]
[cdn.shopify.com/s/files/1/0033/7064/7667/products/product12_medium9d70.jpg]
[kids-outfit.myshopify.com/products/pink-wings-girls.html]
[kids-outfit.myshopify.com/collections/new-product.atom]
[kids-outfit.myshopify.com/collections/new-product.oembed]
[kids-outfit.myshopify.com/collections/transparent-top]
[kids-outfit.myshopify.com/collections/top-with-full-sleevesn]
[kids-outfit.myshopify.com/collections/new-product.html]
[kids-outfit.myshopify.com/collections/new.atom]
[kids-outfit.myshopify.com/collections/new.oembed]
[kids-outfit.myshopify.com/collections/multi-color-frock]
[kids-outfit.myshopify.com/collections/printed-legging-dress]
[kids-outfit.myshopify.com/collections/sleeves-shirt-pant-set]
[kids-outfit.myshopify.com/collections/orchid-baby-girls]
[kids-outfit.myshopify.com/collections/net-party-gown]
[kids-outfit.myshopify.com/collections/sifone-frock-dress]
[kids-outfit.myshopify.com/collections/pink-wings-girls]
[kids-outfit.myshopify.com/collections/new.html]
[cdn.shopify.com/s/files/1/0033/7064/7667/products/product22_grandef5f4.jpg]
[cdn.shopify.com/s/files/1/0033/7064/7667/products/product16_mediumfec9.jpg]
[kids-outfit.myshopify.com/products/prt-26.oembed]
[cdn.shopify.com/s/files/1/0033/7064/7667/products/product22f5f4.jpg]
[cdn.shopify.com/s/files/1/0033/7064/7667/products/product22_mediumf5f4.jpg]
[cdn.shopify.com/s/files/1/0033/7064/7667/products/product28_32f25ebf-daea-493f-87aa-9045ca25df13eb62.jpg]
[cdn.shopify.com/s/files/1/0033/7064/7667/products/product28_32f25ebf-daea-493f-87aa-9045ca25df13_mediumeb62.jpg]
[cdn.shopify.com/s/files/1/0033/7064/7667/files/sandal13fe.png]
[cdn.shopify.com/s/files/1/0033/7064/7667/files/greendf77.png]
[kids-outfit.myshopify.com/products/prt-26.html]
[cdn.shopify.com/s/files/1/0033/7064/7667/products/product15_grande9067.jpg]
[cdn.shopify.com/s/files/1/0033/7064/7667/products/product10_mediumc8ce.jpg]
[kids-outfit.myshopify.com/products/classic-audrey-dress.oembed]
[cdn.shopify.com/s/files/1/0033/7064/7667/products/product10c8ce.jpg]
[cdn.shopify.com/s/files/1/0033/7064/7667/products/product159067.jpg]
[cdn.shopify.com/s/files/1/0033/7064/7667/products/product15_medium9067.jpg]
[cdn.shopify.com/s/files/1/0033/7064/7667/products/product25214e.jpg]
[cdn.shopify.com/s/files/1/0033/7064/7667/products/product25_medium214e.jpg]
[kids-outfit.myshopify.com/products/classic-audrey-dress.html]
[cdn.shopify.com/s/files/1/0033/7064/7667/files/img-1_86ee66a7-e418-4c5e-868d-781a63cfd88969f4.jpg]
[cdn.shopify.com/s/assets/no-image-2048-5e88c1b20e087fb7bbe9a3771824e743c244f437e4f8ba93bbf7b11b53f7824c.gif]
[cdn.shopify.com/s/files/1/0033/7064/7667/files/img-2_914e4016-7217-4535-858f-2aa0a7d8ab413298.jpg]
[cdn.shopify.com/s/files/1/0033/7064/7667/files/img-3_2e00bdf4-3371-4b46-98e2-f7fbee267b441612.jpg]
[cdn.shopify.com/s/files/1/0033/7064/7667/files/img-4_394729c2-061c-4710-b3f9-f3fff4c15e2cb99b.jpg]
[cdn.shopify.com/s/files/1/0033/7064/7667/files/img-14_0653ec2c-abd0-468d-ba88-eeb1ef12f6f7_75x756ed6.jpg]
[cdn.shopify.com/s/files/1/0033/7064/7667/files/img-15_2d3a8db2-524d-4e10-b0f5-ad1f67f29d27_75x75b922.jpg]
[cdn.shopify.com/s/files/1/0033/7064/7667/files/img-16_75x756f29.jpg]
[cdn.shopify.com/s/files/1/0033/7064/7667/files/team-1_f391ac41-444a-4eb7-a139-d62f89c1c359_1024x1024a2ab.jpg]
[cdn.shopify.com/s/files/1/0033/7064/7667/files/team-4_1024x10246f6b.jpg]
[cdn.shopify.com/s/files/1/0033/7064/7667/files/team-2_1024x1024ae55.jpg]
[cdn.shopify.com/s/files/1/0033/7064/7667/files/team-3_1024x102491ec.jpg]
[kids-outfit.myshopify.com/pages/about-us.html]
[kids-outfit.myshopify.com/pages/contact-us.html]
[kids-outfit.myshopify.com/blogs/news.atom]
[cdn.shopify.com/s/files/1/0033/7064/7667/articles/blog-14f8e8.jpg]
[kids-outfit.myshopify.com/blogs/news4658.html]
[cdn.shopify.com/s/files/1/0033/7064/7667/articles/blog-11be53.jpg]
[cdn.shopify.com/s/files/1/0033/7064/7667/articles/blog-1059d4.jpg]
[kids-outfit.myshopify.com/blogs/news/tagged/bags.html]
[kids-outfit.myshopify.com/blogs/news/tagged/ball.html]
[kids-outfit.myshopify.com/blogs/news/tagged/dress.html]
[kids-outfit.myshopify.com/blogs/news/tagged/fashion.html]
[kids-outfit.myshopify.com/blogs/news/tagged/flower-pot.html]
[kids-outfit.myshopify.com/blogs/news/tagged/sandals.html]
[cdn.shopify.com/s/files/1/0033/7064/7667/articles/blog-9c4bc.jpg]
[cdn.shopify.com/s/files/1/0033/7064/7667/t/2/assets/instagramf347.js]
[cdn.shopify.com/s/files/1/0033/7064/7667/articles/blog-8edca.jpg]
[cdn.shopify.com/s/files/1/0033/7064/7667/articles/blog-7e5c8.jpg]
[kids-outfit.myshopify.com/blogs/news.html]
[cdn.shopify.com/s/files/1/0033/7064/7667/products/product19_medium826d.jpg]
[kids-outfit.myshopify.com/products/export-womens-cotton.oembed]
[cdn.shopify.com/s/files/1/0033/7064/7667/products/product19826d.jpg]
[kids-outfit.myshopify.com/collections/best-seller/products/export-womens-cotton.html]
[kids-outfit.myshopify.com/products/export-womens-cotton.html]
[kids-outfit.myshopify.com/export-womens-cotton.html]
[cdn.shopify.com/s/files/1/0033/7064/7667/products/product22_ef4e4b0c-c7ca-4bc0-866f-d7f576ab2666_grande9788.jpg]
[cdn.shopify.com/s/files/1/0033/7064/7667/products/product28_e9849e19-37af-43f6-be60-e9c25f8ab8d9_medium9788.jpg]
[kids-outfit.myshopify.com/products/crepe-skater-dress.oembed]
[cdn.shopify.com/s/files/1/0033/7064/7667/products/product22_ef4e4b0c-c7ca-4bc0-866f-d7f576ab26669788.jpg]
[cdn.shopify.com/s/files/1/0033/7064/7667/products/product22_ef4e4b0c-c7ca-4bc0-866f-d7f576ab2666_medium9788.jpg]
[cdn.shopify.com/s/files/1/0033/7064/7667/products/product16_75935ddf-2bb4-4361-bd55-288b1e85cc8d9788.jpg]
[cdn.shopify.com/s/files/1/0033/7064/7667/products/product16_75935ddf-2bb4-4361-bd55-288b1e85cc8d_medium9788.jpg]
[kids-outfit.myshopify.com/collections/best-seller/products/crepe-skater-dress.html]
[kids-outfit.myshopify.com/products/crepe-skater-dress.html]
[kids-outfit.myshopify.com/crepe-skater-dress.html]
[cdn.shopify.com/s/files/1/0033/7064/7667/products/product10_789f5ffa-59de-48a5-83f9-704e866c0cc5_grande46ce.jpg]
[cdn.shopify.com/s/files/1/0033/7064/7667/products/product15_93917301-c9bb-4c25-9b39-30977bc705ce_medium46ce.jpg]
[kids-outfit.myshopify.com/products/cotton-t-shirt-fit.oembed]
[cdn.shopify.com/s/files/1/0033/7064/7667/products/product10_789f5ffa-59de-48a5-83f9-704e866c0cc546ce.jpg]
[cdn.shopify.com/s/files/1/0033/7064/7667/products/product10_789f5ffa-59de-48a5-83f9-704e866c0cc5_medium46ce.jpg]
[cdn.shopify.com/s/files/1/0033/7064/7667/products/product25_84c68684-2c0b-4550-93d1-fc9d6d2206d046ce.jpg]
[cdn.shopify.com/s/files/1/0033/7064/7667/products/product25_84c68684-2c0b-4550-93d1-fc9d6d2206d0_medium46ce.jpg]
[kids-outfit.myshopify.com/collections/best-seller/products/cotton-t-shirt-fit.html]
[kids-outfit.myshopify.com/products/cotton-t-shirt-fit.html]
[kids-outfit.myshopify.com/cotton-t-shirt-fit.html]
[cdn.shopify.com/s/files/1/0033/7064/7667/products/product21_grande68c6.jpg]
[cdn.shopify.com/s/files/1/0033/7064/7667/products/product18_medium485d.jpg]
[kids-outfit.myshopify.com/products/fairy-pleated-dress.oembed]
[cdn.shopify.com/s/files/1/0033/7064/7667/products/product2168c6.jpg]
[cdn.shopify.com/s/files/1/0033/7064/7667/products/product21_medium68c6.jpg]
[cdn.shopify.com/s/files/1/0033/7064/7667/products/product242804.jpg]
[cdn.shopify.com/s/files/1/0033/7064/7667/products/product24_medium2804.jpg]
[kids-outfit.myshopify.com/collections/best-seller/products/fairy-pleated-dress.html]
[kids-outfit.myshopify.com/products/fairy-pleated-dress.html]
[kids-outfit.myshopify.com/fairy-pleated-dress.html]
[kids-outfit.myshopify.com/collections/best-seller/products/aarika-layered-party-dress.html]
[kids-outfit.myshopify.com/aarika-layered-party-dress.html]
[kids-outfit.myshopify.com/collections/best-seller/products/classic-audrey-dress.html]
[kids-outfit.myshopify.com/classic-audrey-dress.html]
[kids-outfit.myshopify.com/collections/best-seller/products/baby-girls-frock.html]
[kids-outfit.myshopify.com/baby-girls-frock.html]
[kids-outfit.myshopify.com/collections/best-seller/products/prt-26.html]
[kids-outfit.myshopify.com/prt-26.html]
[cdn.shopify.com/s/files/1/0033/7064/7667/products/product26_medium18db.jpg]
[kids-outfit.myshopify.com/products/knitted-baby-frock.oembed]
[cdn.shopify.com/s/files/1/0033/7064/7667/products/product2618db.jpg]
[kids-outfit.myshopify.com/collections/demand-product/products/knitted-baby-frock.html]
[kids-outfit.myshopify.com/products/knitted-baby-frock.html]
[kids-outfit.myshopify.com/knitted-baby-frock.html]
[cdn.shopify.com/s/files/1/0033/7064/7667/products/product20_medium809b.jpg]
[kids-outfit.myshopify.com/products/girls-casual-skirt.oembed]
[cdn.shopify.com/s/files/1/0033/7064/7667/products/product20809b.jpg]
[kids-outfit.myshopify.com/collections/demand-product/products/girls-casual-skirt.html]
[kids-outfit.myshopify.com/products/girls-casual-skirt.html]
[kids-outfit.myshopify.com/girls-casual-skirt.html]
[cdn.shopify.com/s/files/1/0033/7064/7667/products/product11_59291d77-a0b6-4b9a-845b-7410974bdad8_grande136d.jpg]
[cdn.shopify.com/s/files/1/0033/7064/7667/products/product12_5b48e452-faaf-4e60-80a3-f13ab4458aa4_medium136d.jpg]
[kids-outfit.myshopify.com/products/karo-baby-girls-frock.oembed]
[cdn.shopify.com/s/files/1/0033/7064/7667/products/product11_59291d77-a0b6-4b9a-845b-7410974bdad8136d.jpg]
[cdn.shopify.com/s/files/1/0033/7064/7667/products/product12_5b48e452-faaf-4e60-80a3-f13ab4458aa4136d.jpg]
[cdn.shopify.com/s/files/1/0033/7064/7667/products/product11_59291d77-a0b6-4b9a-845b-7410974bdad8_medium136d.jpg]
[cdn.shopify.com/s/files/1/0033/7064/7667/products/product9_7212575c-647f-4f21-b2c3-b10c9cadf7ac136d.jpg]
[cdn.shopify.com/s/files/1/0033/7064/7667/products/product9_7212575c-647f-4f21-b2c3-b10c9cadf7ac_medium136d.jpg]
[kids-outfit.myshopify.com/collections/demand-product/products/karo-baby-girls-frock.html]
[kids-outfit.myshopify.com/products/karo-baby-girls-frock.html]
[kids-outfit.myshopify.com/karo-baby-girls-frock.html]
[cdn.shopify.com/s/files/1/0033/7064/7667/products/product9_df63a776-e368-40d4-83d4-79d7f92afe00_grandef839.jpg]
[cdn.shopify.com/s/files/1/0033/7064/7667/products/product11_008e48ca-a4d2-4ca5-b8a4-495220c6a3e5_mediumf839.jpg]
[kids-outfit.myshopify.com/products/layered-party-wear.oembed]
[cdn.shopify.com/s/files/1/0033/7064/7667/products/product11_008e48ca-a4d2-4ca5-b8a4-495220c6a3e5f839.jpg]
[cdn.shopify.com/s/files/1/0033/7064/7667/products/product9_df63a776-e368-40d4-83d4-79d7f92afe00f839.jpg]
[cdn.shopify.com/s/files/1/0033/7064/7667/products/product9_df63a776-e368-40d4-83d4-79d7f92afe00_mediumf839.jpg]
[cdn.shopify.com/s/files/1/0033/7064/7667/products/product12_b448b6e8-69a6-454c-a7e8-06c4b2902069f839.jpg]
[cdn.shopify.com/s/files/1/0033/7064/7667/products/product12_b448b6e8-69a6-454c-a7e8-06c4b2902069_mediumf839.jpg]
[kids-outfit.myshopify.com/collections/demand-product/products/layered-party-wear.html]
[kids-outfit.myshopify.com/products/layered-party-wear.html]
[kids-outfit.myshopify.com/layered-party-wear.html]
[cdn.shopify.com/s/files/1/0033/7064/7667/products/product2_d95cd892-c062-4ebc-9836-c4e81d19a50d_grande00e4.jpg]
[cdn.shopify.com/s/files/1/0033/7064/7667/products/product7_0fb4ff86-fa34-46d1-9de1-653df594b636_medium00e4.jpg]
[kids-outfit.myshopify.com/products/long-frock-dress.oembed]
[cdn.shopify.com/s/files/1/0033/7064/7667/products/product7_0fb4ff86-fa34-46d1-9de1-653df594b63600e4.jpg]
[cdn.shopify.com/s/files/1/0033/7064/7667/products/product2_d95cd892-c062-4ebc-9836-c4e81d19a50d00e4.jpg]
[cdn.shopify.com/s/files/1/0033/7064/7667/products/product2_d95cd892-c062-4ebc-9836-c4e81d19a50d_medium00e4.jpg]
[cdn.shopify.com/s/files/1/0033/7064/7667/products/product13_d255f0d0-123c-4dbf-b1b1-2749849da50200e4.jpg]
[cdn.shopify.com/s/files/1/0033/7064/7667/products/product13_d255f0d0-123c-4dbf-b1b1-2749849da502_medium00e4.jpg]
[kids-outfit.myshopify.com/collections/demand-product/products/long-frock-dress.html]
[kids-outfit.myshopify.com/products/long-frock-dress.html]
[kids-outfit.myshopify.com/long-frock-dress.html]
[cdn.shopify.com/s/files/1/0033/7064/7667/products/product6_bb7daa5b-42d8-4bc4-b26b-39d436500fd7_grande9363.jpg]
[cdn.shopify.com/s/files/1/0033/7064/7667/products/product17_a816386d-637f-44dd-b94e-ebb362ac355c_medium9363.jpg]
[kids-outfit.myshopify.com/products/girls-a-line-dress.oembed]
[cdn.shopify.com/s/files/1/0033/7064/7667/products/product17_a816386d-637f-44dd-b94e-ebb362ac355c9363.jpg]
[cdn.shopify.com/s/files/1/0033/7064/7667/products/product6_bb7daa5b-42d8-4bc4-b26b-39d436500fd79363.jpg]
[cdn.shopify.com/s/files/1/0033/7064/7667/products/product6_bb7daa5b-42d8-4bc4-b26b-39d436500fd7_medium9363.jpg]
[cdn.shopify.com/s/files/1/0033/7064/7667/products/product1_f9de5bd9-42d8-49a0-8908-753b003b7d529363.jpg]
[cdn.shopify.com/s/files/1/0033/7064/7667/products/product1_f9de5bd9-42d8-49a0-8908-753b003b7d52_medium9363.jpg]
[kids-outfit.myshopify.com/collections/demand-product/products/girls-a-line-dress.html]
[kids-outfit.myshopify.com/products/girls-a-line-dress.html]
[kids-outfit.myshopify.com/girls-a-line-dress.html]
[cdn.shopify.com/s/files/1/0033/7064/7667/products/product1_a24ad4d6-13c5-4bd3-be4f-606c42c8351a_grande549c.jpg]
[cdn.shopify.com/s/files/1/0033/7064/7667/products/product6_3b4522d9-4280-43f4-910c-7cfdbe723a70_medium549c.jpg]
[kids-outfit.myshopify.com/products/fashion-baby-girls.oembed]
[cdn.shopify.com/s/files/1/0033/7064/7667/products/product1_a24ad4d6-13c5-4bd3-be4f-606c42c8351a549c.jpg]
[cdn.shopify.com/s/files/1/0033/7064/7667/products/product1_a24ad4d6-13c5-4bd3-be4f-606c42c8351a_medium549c.jpg]
[cdn.shopify.com/s/files/1/0033/7064/7667/products/product17_d74722d8-1d6a-4a36-8054-fa7407f8ed74549c.jpg]
[cdn.shopify.com/s/files/1/0033/7064/7667/products/product17_d74722d8-1d6a-4a36-8054-fa7407f8ed74_medium549c.jpg]
[kids-outfit.myshopify.com/collections/demand-product/products/fashion-baby-girls.html]
[kids-outfit.myshopify.com/products/fashion-baby-girls.html]
[kids-outfit.myshopify.com/fashion-baby-girls.html]
[kids-outfit.myshopify.com/collections/demand-product/products/fancy-frock.html]
[kids-outfit.myshopify.com/fancy-frock.html]
[cdn.shopify.com/s/files/1/0033/7064/7667/products/product23_mediume479.jpg]
[kids-outfit.myshopify.com/products/regular-fit-skirt.oembed]
[kids-outfit.myshopify.com/collections/featured-product/products/regular-fit-skirt.html]
[kids-outfit.myshopify.com/products/regular-fit-skirt.html]
[kids-outfit.myshopify.com/regular-fit-skirt.html]
[kids-outfit.myshopify.com/collections/featured-product/products/crepe-skater-dress.html]
[kids-outfit.myshopify.com/collections/featured-product/products/cotton-t-shirt-fit.html]
[kids-outfit.myshopify.com/collections/featured-product/products/fashion-baby-girls.html]
[kids-outfit.myshopify.com/collections/featured-product/products/fairy-pleated-dress.html]
[kids-outfit.myshopify.com/collections/featured-product/products/aarika-layered-party-dress.html]
[kids-outfit.myshopify.com/collections/featured-product/products/baby-girls-frock.html]
[kids-outfit.myshopify.com/collections/featured-product/products/prt-26.html]
[cdn.shopify.com/s/files/1/0033/7064/7667/products/product27_medium2998.jpg]
[kids-outfit.myshopify.com/products/multi-color-frock.oembed]
[cdn.shopify.com/s/files/1/0033/7064/7667/products/product272998.jpg]
[kids-outfit.myshopify.com/collections/new/products/multi-color-frock.html]
[kids-outfit.myshopify.com/products/multi-color-frock.html]
[kids-outfit.myshopify.com/multi-color-frock.html]
[cdn.shopify.com/s/files/1/0033/7064/7667/products/product14_mediumf3ae.jpg]
[kids-outfit.myshopify.com/products/printed-legging-dress.oembed]
[cdn.shopify.com/s/files/1/0033/7064/7667/products/product14f3ae.jpg]
[kids-outfit.myshopify.com/collections/new/products/printed-legging-dress.html]
[kids-outfit.myshopify.com/products/printed-legging-dress.html]
[kids-outfit.myshopify.com/printed-legging-dress.html]
[cdn.shopify.com/s/files/1/0033/7064/7667/products/product5_medium7b48.jpg]
[kids-outfit.myshopify.com/products/sleeves-shirt-pant-set.oembed]
[cdn.shopify.com/s/files/1/0033/7064/7667/products/product57b48.jpg]
[cdn.shopify.com/s/files/1/0033/7064/7667/files/grey.40713fe.delayed]
[kids-outfit.myshopify.com/collections/new/products/sleeves-shirt-pant-set.html]
[kids-outfit.myshopify.com/products/sleeves-shirt-pant-set.html]
[kids-outfit.myshopify.com/sleeves-shirt-pant-set.html]
[kids-outfit.myshopify.com/collections/new/products/regular-fit-skirt.html]
[cdn.shopify.com/s/files/1/0033/7064/7667/products/product7_b21c126c-2321-43cc-a8fa-c3b160aecc9e_grande5a76.jpg]
[cdn.shopify.com/s/files/1/0033/7064/7667/products/product13_50d4c0cd-4921-40bb-aa16-0468afdc67cf_medium5a76.jpg]
[kids-outfit.myshopify.com/products/orchid-baby-girls.oembed]
[cdn.shopify.com/s/files/1/0033/7064/7667/products/product13_50d4c0cd-4921-40bb-aa16-0468afdc67cf5a76.jpg]
[cdn.shopify.com/s/files/1/0033/7064/7667/products/product7_b21c126c-2321-43cc-a8fa-c3b160aecc9e5a76.jpg]
[cdn.shopify.com/s/files/1/0033/7064/7667/products/product7_b21c126c-2321-43cc-a8fa-c3b160aecc9e_medium5a76.jpg]
[cdn.shopify.com/s/files/1/0033/7064/7667/products/product2_05e39045-7d31-4ff7-b318-09f1c33fbb2a5a76.jpg]
[cdn.shopify.com/s/files/1/0033/7064/7667/products/product2_05e39045-7d31-4ff7-b318-09f1c33fbb2a_medium5a76.jpg]
[kids-outfit.myshopify.com/collections/new/products/orchid-baby-girls.html]
[kids-outfit.myshopify.com/products/orchid-baby-girls.html]
[kids-outfit.myshopify.com/orchid-baby-girls.html]
[cdn.shopify.com/s/files/1/0033/7064/7667/products/product8_44d8ede5-c767-4151-85eb-3cdb6cd26580_grandec3ac.jpg]
[cdn.shopify.com/s/files/1/0033/7064/7667/products/product3_d9938c08-21b7-40a0-aecd-84ea2c47f03d_mediumc3ac.jpg]
[kids-outfit.myshopify.com/products/net-party-gown.oembed]
[cdn.shopify.com/s/files/1/0033/7064/7667/products/product3_d9938c08-21b7-40a0-aecd-84ea2c47f03dc3ac.jpg]
[cdn.shopify.com/s/files/1/0033/7064/7667/products/product8_44d8ede5-c767-4151-85eb-3cdb6cd26580c3ac.jpg]
[cdn.shopify.com/s/files/1/0033/7064/7667/products/product8_44d8ede5-c767-4151-85eb-3cdb6cd26580_mediumc3ac.jpg]
[cdn.shopify.com/s/files/1/0033/7064/7667/products/product4_4d245c95-17e5-4a7b-beef-8daf0bb35f4cc3ac.jpg]
[cdn.shopify.com/s/files/1/0033/7064/7667/products/product4_4d245c95-17e5-4a7b-beef-8daf0bb35f4c_mediumc3ac.jpg]
[kids-outfit.myshopify.com/collections/new/products/net-party-gown.html]
[kids-outfit.myshopify.com/products/net-party-gown.html]
[kids-outfit.myshopify.com/net-party-gown.html]
[cdn.shopify.com/s/files/1/0033/7064/7667/products/product4_08fcde97-8164-4959-a8aa-675232897886_grande28ef.jpg]
[cdn.shopify.com/s/files/1/0033/7064/7667/products/product8_da0a2eb8-15a8-4bf6-880c-d7b51e8c422f_medium28ef.jpg]
[kids-outfit.myshopify.com/products/sifone-frock-dress.oembed]
[cdn.shopify.com/s/files/1/0033/7064/7667/products/product8_da0a2eb8-15a8-4bf6-880c-d7b51e8c422f28ef.jpg]
[cdn.shopify.com/s/files/1/0033/7064/7667/products/product4_08fcde97-8164-4959-a8aa-67523289788628ef.jpg]
[cdn.shopify.com/s/files/1/0033/7064/7667/products/product4_08fcde97-8164-4959-a8aa-675232897886_medium28ef.jpg]
[cdn.shopify.com/s/files/1/0033/7064/7667/products/product3_3317b144-a7f1-4732-ab29-f09b4ae48a4b28ef.jpg]
[cdn.shopify.com/s/files/1/0033/7064/7667/products/product3_3317b144-a7f1-4732-ab29-f09b4ae48a4b_medium28ef.jpg]
[kids-outfit.myshopify.com/collections/new/products/sifone-frock-dress.html]
[kids-outfit.myshopify.com/products/sifone-frock-dress.html]
[kids-outfit.myshopify.com/sifone-frock-dress.html]
[kids-outfit.myshopify.com/collections/new/products/pink-wings-girls.html]
[kids-outfit.myshopify.com/pink-wings-girls.html]
[cdn.shopify.com/s/files/1/0033/7064/7667/products/product16_b4d931ae-e4df-4404-a66e-bf033af9f872_grande2a84.jpg]
[cdn.shopify.com/s/files/1/0033/7064/7667/products/product22_1d97f8eb-a4bc-452e-9e48-be6b3003339b_medium2a84.jpg]
[kids-outfit.myshopify.com/products/transparent-top.oembed]
[cdn.shopify.com/s/files/1/0033/7064/7667/products/product16_b4d931ae-e4df-4404-a66e-bf033af9f8722a84.jpg]
[cdn.shopify.com/s/files/1/0033/7064/7667/products/product16_b4d931ae-e4df-4404-a66e-bf033af9f872_medium2a84.jpg]
[cdn.shopify.com/s/files/1/0033/7064/7667/products/product28_1a5db9ca-6acc-4783-a44e-3095a5f0c1772a84.jpg]
[cdn.shopify.com/s/files/1/0033/7064/7667/products/product28_1a5db9ca-6acc-4783-a44e-3095a5f0c177_medium2a84.jpg]
[kids-outfit.myshopify.com/collections/new-product/products/transparent-top.html]
[kids-outfit.myshopify.com/products/transparent-top.html]
[kids-outfit.myshopify.com/transparent-top.html]
[kids-outfit.myshopify.com/collections/new-product/products/export-womens-cotton.html]
[kids-outfit.myshopify.com/collections/new-product/products/aarika-layered-party-dress.html]
[kids-outfit.myshopify.com/collections/new-product/products/fancy-frock.html]
[kids-outfit.myshopify.com/collections/new-product/products/crepe-skater-dress.html]
[cdn.shopify.com/s/files/1/0033/7064/7667/products/product15_2581d11d-eafe-499d-b26c-5ce18c6eaefd_grande385a.jpg]
[cdn.shopify.com/s/files/1/0033/7064/7667/products/product25_56bb5b78-5598-4171-8d5e-dae7dd72f8db_medium385a.jpg]
[kids-outfit.myshopify.com/products/top-with-full-sleevesn.oembed]
[cdn.shopify.com/s/files/1/0033/7064/7667/products/product15_2581d11d-eafe-499d-b26c-5ce18c6eaefd385a.jpg]
[cdn.shopify.com/s/files/1/0033/7064/7667/products/product15_2581d11d-eafe-499d-b26c-5ce18c6eaefd_medium385a.jpg]
[cdn.shopify.com/s/files/1/0033/7064/7667/products/product10_ebb6c197-d517-4ccc-9cb0-d97b73d52ec2385a.jpg]
[cdn.shopify.com/s/files/1/0033/7064/7667/products/product10_ebb6c197-d517-4ccc-9cb0-d97b73d52ec2_medium385a.jpg]
[kids-outfit.myshopify.com/collections/new-product/products/top-with-full-sleevesn.html]
[kids-outfit.myshopify.com/products/top-with-full-sleevesn.html]
[kids-outfit.myshopify.com/top-with-full-sleevesn.html]
[kids-outfit.myshopify.com/collections/new-product/products/girls-casual-skirt.html]
[kids-outfit.myshopify.com/collections/new-product/products/classic-audrey-dress.html]
[kids-outfit.myshopify.com/collections/special-product/products/knitted-baby-frock.html]
[kids-outfit.myshopify.com/collections/special-product/products/sleeves-shirt-pant-set.html]
[kids-outfit.myshopify.com/collections/special-product/products/regular-fit-skirt.html]
[kids-outfit.myshopify.com/collections/special-product/products/transparent-top.html]
[kids-outfit.myshopify.com/collections/special-product/products/long-frock-dress.html]
[kids-outfit.myshopify.com/collections/special-product/products/girls-a-line-dress.html]
[kids-outfit.myshopify.com/collections/special-product/products/net-party-gown.html]
[kids-outfit.myshopify.com/collections/special-product/products/pink-wings-girls.html]
[kids-outfit.myshopify.com/blogs/news/children-are-love-to-playing.html]
[kids-outfit.myshopify.com/blogs/news/a-yellow-skirt-standing-with-pot.html]
[kids-outfit.myshopify.com/blogs/news/kids-are-playing-with-puzzle.html]
[kids-outfit.myshopify.com/blogs/news/cute-pretty-pink-angel.html]
[kids-outfit.myshopify.com/blogs/news/just-born-baby-dresses.html]
[kids-outfit.myshopify.com/blogs/news/trendy-collection-for-kids.html]
[cdn.shopify.com/s/files/1/0033/7064/7667/articles/blog-67d8c.jpg]
[kids-outfit.myshopify.com/blogs/news/a-super-kit-seating-on-floor.html]
[cdn.shopify.com/s/files/1/0033/7064/7667/articles/blog-5c4f4.jpg]
[kids-outfit.myshopify.com/blogs/news/a-little-boy-posing-for-model.html]
[cdn.shopify.com/s/files/1/0033/7064/7667/articles/blog-4_1eb7dcdd-e85e-46a3-8ea1-9761013a4643739e.jpg]
[kids-outfit.myshopify.com/blogs/news/shopping-complete-1.html]
[cdn.shopify.com/s/files/1/0033/7064/7667/articles/blog-3_169b4bf4-5cdc-4c66-b8b4-bb422191c81e88af.jpg]
[kids-outfit.myshopify.com/blogs/news/two-cute-baby-are-playing.html]
[cdn.shopify.com/s/files/1/0033/7064/7667/articles/blog-2_43bc1405-ca44-47b9-bdd1-4ca6ec8103911654.jpg]
[kids-outfit.myshopify.com/blogs/news/more-confuse-to-select.html]
[cdn.shopify.com/s/files/1/0033/7064/7667/articles/blog-1_a479eba3-3054-4b29-8d29-cf3d0e2b8a85e424.jpg]
[kids-outfit.myshopify.com/blogs/news/a-cute-baby-choosing-a-dress.html]
[kids-outfit.myshopify.com/collections/sale/products/layered-party-wear.html]
[kids-outfit.myshopify.com/collections/sale/products/multi-color-frock.html]
[kids-outfit.myshopify.com/collections/sale/products/top-with-full-sleevesn.html]
[kids-outfit.myshopify.com/collections/sale/products/sifone-frock-dress.html]
[kids-outfit.myshopify.com/collections/sale/products/karo-baby-girls-frock.html]
[kids-outfit.myshopify.com/collections/sale/products/orchid-baby-girls.html]
[kids-outfit.myshopify.com/collections/sale/products/printed-legging-dress.html]
[cdn.shopify.com/s/global/search1d5c.css]
[kids-outfit.myshopify.com/search.html]
[kids-outfit.myshopify.com/pages/faqs.html]
[kids-outfit.myshopify.com/pages/shipping-details.html]
[cdn.shopify.com/s/files/1/0033/7064/7667/t/2/assets/ico-select0e65.svg]
[cdn.shopify.com/s/files/1/0033/7064/7667/t/2/assets/icons0e65.svg]
[cdn.shopify.com/s/files/1/0033/7064/7667/t/2/assets/fontawesome-webfont3295.svg]
[cdn.shopify.com/s/files/1/0033/7064/7667/t/2/assets/owl.video.play.html]
[cdn.shopify.com/s/files/1/0033/7064/7667/t/2/assets/Simple-Line-Iconsb26c.svg]
[cdn.shopify.com/s/files/1/0033/7064/7667/t/2/assets/fancybox-x.html]
[cdn.shopify.com/s/files/1/0033/7064/7667/t/2/assets/Preloader_20e65.html]
[cdn.shopify.com/s/files/1/0033/7064/7667/t/2/assets/slick.svg]
[cdn.shopify.com/shopifycloud/storefront-recaptcha-v3/v0.1/index.js]
[kids-outfit.myshopify.com/collections/sale.atom]
[kids-outfit.myshopify.com/collections/sale.oembed]
[kids-outfit.myshopify.com/collections/sale.html]
[kids-outfit.myshopify.com/collections/special-product.atom]
[kids-outfit.myshopify.com/collections/special-product.oembed]
[kids-outfit.myshopify.com/collections/special-product.html]
[kids-outfit.myshopify.com/collections/grid.html]
[kids-outfit.myshopify.com/collections/list.html]
[kids-outfit.myshopify.com/collections/manual.html]
[kids-outfit.myshopify.com/collections/price-ascending.html]
[kids-outfit.myshopify.com/collections/price-descending.html]
[kids-outfit.myshopify.com/collections/title-ascending.html]
[kids-outfit.myshopify.com/collections/title-descending.html]
[kids-outfit.myshopify.com/collections/created-ascending.html]
[kids-outfit.myshopify.com/collections/created-descending.html]
[kids-outfit.myshopify.com/collections/best-selling.html]
[kids-outfit.myshopify.com/collections/8.html]
[kids-outfit.myshopify.com/collections/12.html]
[kids-outfit.myshopify.com/collections/24.html]
[kids-outfit.myshopify.com/collections/36.html]
[kids-outfit.myshopify.com/collections/export-womens-cotton.html]
[kids-outfit.myshopify.com/collections/crepe-skater-dress.html]
[kids-outfit.myshopify.com/collections/cotton-t-shirt-fit.html]
[kids-outfit.myshopify.com/collections/fairy-pleated-dress.html]
[kids-outfit.myshopify.com/collections/aarika-layered-party-dress.html]
[kids-outfit.myshopify.com/collections/classic-audrey-dress.html]
[kids-outfit.myshopify.com/collections/baby-girls-frock.html]
[kids-outfit.myshopify.com/collections/prt-26.html]
[cdn.shopify.com/shopifycloud/storefront-recaptcha-v3/v0.1/index-2.js]
[kids-outfit.myshopify.com/products/index.html]
[cdn.shopify.com/shopifycloud/storefront-recaptcha-v3/v0.1/index-3.js]
[cdn.shopify.com/shopifycloud/storefront-recaptcha-v3/v0.1/index-4.js]
[kids-outfit.myshopify.com/collections/knitted-baby-frock.html]
[kids-outfit.myshopify.com/collections/girls-casual-skirt.html]
[kids-outfit.myshopify.com/collections/karo-baby-girls-frock.html]
[kids-outfit.myshopify.com/collections/layered-party-wear.html]
[kids-outfit.myshopify.com/collections/long-frock-dress.html]
[kids-outfit.myshopify.com/collections/girls-a-line-dress.html]
[kids-outfit.myshopify.com/collections/fashion-baby-girls.html]
[kids-outfit.myshopify.com/collections/fancy-frock.html]
[kids-outfit.myshopify.com/collections/all2679.html]
[kids-outfit.myshopify.com/collections/all4658.html]
[kids-outfit.myshopify.com/collections/all9ba9.html]
[kids-outfit.myshopify.com/collections/regular-fit-skirt.html]
[cdn.shopify.com/shopifycloud/storefront-recaptcha-v3/v0.1/index-5.js]
[kids-outfit.myshopify.com/collections/transparent-top.html]
[kids-outfit.myshopify.com/collections/top-with-full-sleevesn.html]
[kids-outfit.myshopify.com/collections/multi-color-frock.html]
[kids-outfit.myshopify.com/collections/printed-legging-dress.html]
[kids-outfit.myshopify.com/collections/sleeves-shirt-pant-set.html]
[kids-outfit.myshopify.com/collections/orchid-baby-girls.html]
[kids-outfit.myshopify.com/collections/net-party-gown.html]
[kids-outfit.myshopify.com/collections/sifone-frock-dress.html]
[kids-outfit.myshopify.com/collections/pink-wings-girls.html]
[cdn.shopify.com/shopifycloud/storefront-recaptcha-v3/v0.1/index-6.js]
[cdn.shopify.com/s/files/1/0033/7064/7667/files/sandal13fe.html]
[cdn.shopify.com/shopifycloud/storefront-recaptcha-v3/v0.1/index-7.js]
[kids-outfit.myshopify.com/blogs/news4658.html]
[kids-outfit.myshopify.com/blogs/news2679.html]
[kids-outfit.myshopify.com/blogs/news/tagged/bags.html]
[kids-outfit.myshopify.com/blogs/news/tagged/bags.atom]
[kids-outfit.myshopify.com/blogs/news/tagged/ball.html]
[kids-outfit.myshopify.com/blogs/news/tagged/ball.atom]
[kids-outfit.myshopify.com/blogs/news/tagged/dress.atom]
[kids-outfit.myshopify.com/blogs/news/tagged/dress.html]
[kids-outfit.myshopify.com/blogs/news/tagged/dress4658.html]
[kids-outfit.myshopify.com/blogs/news/tagged/fashion.atom]
[kids-outfit.myshopify.com/blogs/news/tagged/fashion.html]
[kids-outfit.myshopify.com/blogs/news/tagged/fashion4658.html]
[kids-outfit.myshopify.com/blogs/news/tagged/flower-pot.html]
[kids-outfit.myshopify.com/blogs/news/tagged/flower-pot.atom]
[kids-outfit.myshopify.com/blogs/news/tagged/sandals.html]
[cdn.shopify.com/shopifycloud/storefront-recaptcha-v3/v0.1/index-8.js]
[cdn.shopify.com/shopifycloud/storefront-recaptcha-v3/v0.1/index-9.js]
[cdn.shopify.com/shopifycloud/storefront-recaptcha-v3/v0.1/index-10.js]
[cdn.shopify.com/shopifycloud/storefront-recaptcha-v3/v0.1/index-11.js]
[cdn.shopify.com/shopifycloud/storefront-recaptcha-v3/v0.1/index-12.js]
[cdn.shopify.com/shopifycloud/storefront-recaptcha-v3/v0.1/index-13.js]
[cdn.shopify.com/shopifycloud/storefront-recaptcha-v3/v0.1/index-14.js]
[cdn.shopify.com/shopifycloud/storefront-recaptcha-v3/v0.1/index-15.js]
[cdn.shopify.com/shopifycloud/storefront-recaptcha-v3/v0.1/index-16.js]
[cdn.shopify.com/shopifycloud/storefront-recaptcha-v3/v0.1/index-17.js]
[cdn.shopify.com/shopifycloud/storefront-recaptcha-v3/v0.1/index-18.js]
[cdn.shopify.com/shopifycloud/storefront-recaptcha-v3/v0.1/index-19.js]
[cdn.shopify.com/shopifycloud/storefront-recaptcha-v3/v0.1/index-20.js]
[cdn.shopify.com/shopifycloud/storefront-recaptcha-v3/v0.1/index-21.js]
[cdn.shopify.com/shopifycloud/storefront-recaptcha-v3/v0.1/index-22.js]
[cdn.shopify.com/shopifycloud/storefront-recaptcha-v3/v0.1/index-23.js]
[cdn.shopify.com/shopifycloud/storefront-recaptcha-v3/v0.1/index-24.js]
[cdn.shopify.com/shopifycloud/storefront-recaptcha-v3/v0.1/index-25.js]
[cdn.shopify.com/shopifycloud/storefront-recaptcha-v3/v0.1/index-26.js]
[cdn.shopify.com/shopifycloud/storefront-recaptcha-v3/v0.1/index-27.js]
[cdn.shopify.com/shopifycloud/storefront-recaptcha-v3/v0.1/index-28.js]
[cdn.shopify.com/shopifycloud/storefront-recaptcha-v3/v0.1/index-29.js]
[cdn.shopify.com/shopifycloud/storefront-recaptcha-v3/v0.1/index-30.js]
[cdn.shopify.com/shopifycloud/storefront-recaptcha-v3/v0.1/index-31.js]
[cdn.shopify.com/shopifycloud/storefront-recaptcha-v3/v0.1/index-32.js]
[cdn.shopify.com/shopifycloud/storefront-recaptcha-v3/v0.1/index-33.js]
[cdn.shopify.com/shopifycloud/storefront-recaptcha-v3/v0.1/index-34.js]
[cdn.shopify.com/shopifycloud/storefront-recaptcha-v3/v0.1/index-35.js]
[cdn.shopify.com/shopifycloud/storefront-recaptcha-v3/v0.1/index-36.js]
[cdn.shopify.com/shopifycloud/storefront-recaptcha-v3/v0.1/index-37.js]
[cdn.shopify.com/shopifycloud/storefront-recaptcha-v3/v0.1/index-38.js]
[cdn.shopify.com/shopifycloud/storefront-recaptcha-v3/v0.1/index-39.js]
[cdn.shopify.com/shopifycloud/storefront-recaptcha-v3/v0.1/index-40.js]
[cdn.shopify.com/shopifycloud/storefront-recaptcha-v3/v0.1/index-41.js]
[cdn.shopify.com/shopifycloud/storefront-recaptcha-v3/v0.1/index-42.js]
[cdn.shopify.com/shopifycloud/storefront-recaptcha-v3/v0.1/index-43.js]
[cdn.shopify.com/shopifycloud/storefront-recaptcha-v3/v0.1/index-44.js]
[cdn.shopify.com/shopifycloud/storefront-recaptcha-v3/v0.1/index-45.js]
[cdn.shopify.com/shopifycloud/storefront-recaptcha-v3/v0.1/index-46.js]
[cdn.shopify.com/shopifycloud/storefront-recaptcha-v3/v0.1/index-47.js]
[cdn.shopify.com/shopifycloud/storefront-recaptcha-v3/v0.1/index-48.js]
[cdn.shopify.com/s/files/1/0033/7064/7667/files/grey13fe.html]
[cdn.shopify.com/shopifycloud/storefront-recaptcha-v3/v0.1/index-49.js]
[cdn.shopify.com/shopifycloud/storefront-recaptcha-v3/v0.1/index-50.js]
[cdn.shopify.com/shopifycloud/storefront-recaptcha-v3/v0.1/index-51.js]
[cdn.shopify.com/shopifycloud/storefront-recaptcha-v3/v0.1/index-52.js]
[cdn.shopify.com/shopifycloud/storefront-recaptcha-v3/v0.1/index-53.js]
[cdn.shopify.com/shopifycloud/storefront-recaptcha-v3/v0.1/index-54.js]
[cdn.shopify.com/shopifycloud/storefront-recaptcha-v3/v0.1/index-55.js]
[cdn.shopify.com/shopifycloud/storefront-recaptcha-v3/v0.1/index-56.js]
[cdn.shopify.com/shopifycloud/storefront-recaptcha-v3/v0.1/index-57.js]
[cdn.shopify.com/shopifycloud/storefront-recaptcha-v3/v0.1/index-58.js]
[cdn.shopify.com/shopifycloud/storefront-recaptcha-v3/v0.1/index-59.js]
[cdn.shopify.com/shopifycloud/storefront-recaptcha-v3/v0.1/index-60.js]
[cdn.shopify.com/shopifycloud/storefront-recaptcha-v3/v0.1/index-61.js]
[cdn.shopify.com/shopifycloud/storefront-recaptcha-v3/v0.1/index-62.js]
[cdn.shopify.com/shopifycloud/storefront-recaptcha-v3/v0.1/index-63.js]
[cdn.shopify.com/shopifycloud/storefront-recaptcha-v3/v0.1/index-64.js]
[cdn.shopify.com/shopifycloud/storefront-recaptcha-v3/v0.1/index-65.js]
[cdn.shopify.com/shopifycloud/storefront-recaptcha-v3/v0.1/index-66.js]
[cdn.shopify.com/shopifycloud/storefront-recaptcha-v3/v0.1/index-67.js]
[cdn.shopify.com/shopifycloud/storefront-recaptcha-v3/v0.1/index-68.js]
[cdn.shopify.com/shopifycloud/storefront-recaptcha-v3/v0.1/index-69.js]
[cdn.shopify.com/shopifycloud/storefront-recaptcha-v3/v0.1/index-70.js]
[cdn.shopify.com/shopifycloud/storefront-recaptcha-v3/v0.1/index-71.js]
[cdn.shopify.com/shopifycloud/storefront-recaptcha-v3/v0.1/index-72.js]
[cdn.shopify.com/shopifycloud/storefront-recaptcha-v3/v0.1/index-73.js]
[cdn.shopify.com/shopifycloud/storefront-recaptcha-v3/v0.1/index-74.js]
[cdn.shopify.com/shopifycloud/storefront-recaptcha-v3/v0.1/index-75.js]
[pinterest.com/pin/create/button/indexd94e.html]
[pinterest.com/pin/create/button/index2355.html]
[pinterest.com/pin/create/button/indexb753.html]
[kids-outfit.myshopify.com/blogs/news/tagged/sandals.atom]
[pinterest.com/pin/create/button/index49df.html]
[pinterest.com/pin/create/button/index66b3.html]
[pinterest.com/pin/create/button/index8653.html]
[pinterest.com/pin/create/button/indexfb98.html]
[pinterest.com/pin/create/button/index2d8a.html]
[pinterest.com/pin/create/button/index2ea4.html]
[pinterest.com/pin/create/button/index9543.html]
[pinterest.com/pin/create/button/index03ca.html]
[pinterest.com/pin/create/button/indexba86.html]
[cdn.shopify.com/shopifycloud/storefront-recaptcha-v3/v0.1/index-76.js]
[kids-outfit.myshopify.com/collections/sale/products/multi-color-frock.html]
[cdn.shopify.com/shopifycloud/storefront-recaptcha-v3/v0.1/index-77.js]
[cdn.shopify.com/shopifycloud/storefront-recaptcha-v3/v0.1/index-78.js]
[cdn.shopify.com/shopifycloud/storefront-recaptcha-v3/v0.1/index-79.js]
[cdn.shopify.com/shopifycloud/storefront-recaptcha-v3/v0.1/index-80.js]
[cdn.shopify.com/shopifycloud/storefront-recaptcha-v3/v0.1/index-81.js]
[cdn.shopify.com/s/global/search1d5c.css]
[kids-outfit.myshopify.com/collections/all2679.html]
[kids-outfit.myshopify.com/blogs/news2679.html]
[kids-outfit.myshopify.com/blogs/news/tagged/dress4658.html]
[kids-outfit.myshopify.com/blogs/news/tagged/dress2679.html]
[kids-outfit.myshopify.com/blogs/news/tagged/fashion4658.html]
[pinterest.com/pin/create/button/index51aa.html]
[pinterest.com/pin/create/button/indexe4f3.html]
[pinterest.com/pin/create/button/indexbd45.html]
[kids-outfit.myshopify.com/blogs/news/tagged/fashion2679.html]
[pinterest.com/pin/create/button/index7f4c.html]
[pinterest.com/pin/create/button/indexea06.html]
[pinterest.com/pin/create/button/index9c99.html]
[pinterest.com/pin/create/button/indexf0a7.html]
[pinterest.com/pin/create/button/indexb604.html]
[pinterest.com/pin/create/button/indexde7e.html]
[pinterest.com/pin/create/button/index7945.html]
[pinterest.com/pin/create/button/indexdfb4.html]
[pinterest.com/pin/create/button/index589d.html]
[cdn.shopify.com/shopifycloud/storefront-recaptcha-v3/v0.1/index-82.js]
[kids-outfit.myshopify.com/blogs/news/tagged/dress2679.html]
[kids-outfit.myshopify.com/blogs/news/tagged/fashion2679.html]
